..\env\Scripts\python.e
xe : E
At line:1 char:1
+ ..\env\Scripts\python
.exe manage.py test adm
incenter.tests.SignUpTe
st ...
+ ~~~~~~~~~~~~~~~~~~~~~
~~~~~~~~~~~~~~~~~~~~~~~
~~~~~~~~~~~~~~~~~~~~~~~
~~
    + CategoryInfo     
         : NotSpecifi  
  ed: (E:String) [],   
  RemoteException
    + FullyQualifiedEr 
   rorId : NativeComm  
  andError
 
Found 1 test(s).
System check identified no issues (0 silenced).
=======================
=======================
=======================
=
ERROR: SignUpTests (uni
ttest.loader._FailedTes
t.SignUpTests)
-----------------------
-----------------------
-----------------------
-
AttributeError: module 
'admincenter.tests' 
has no attribute 
'SignUpTests'

-----------------------
-----------------------
-----------------------
-
Ran 1 test in 0.000s

FAILED (errors=1)
